<html>
<body>
<pre>
<h1>µVision Build Log</h1>
<h2>Tool Versions:</h2>
IDE-Version: µVision V5.31.0.0
Copyright (C) 2020 ARM Ltd and ARM Germany GmbH. All rights reserved.
License Information: phanmem123.com phanmem123.com, phanmem123.com, LIC=ZB4EI-T7NND-Y8GFK-ZBL60-7MG3R-MD9XA
 
Tool Versions:
Toolchain:       MDK-ARM Plus  Version: 5.31.0.0
Toolchain Path:  E:\KeilC\ARM\ARMCC\Bin
C Compiler:      Armcc.exe V5.06 update 6 (build 750)
Assembler:       Armasm.exe V5.06 update 6 (build 750)
Linker/Locator:  ArmLink.exe V5.06 update 6 (build 750)
Library Manager: ArmAr.exe V5.06 update 6 (build 750)
Hex Converter:   FromElf.exe V5.06 update 6 (build 750)
CPU DLL:         SARMCM3.DLL V5.31.0.0
Dialog DLL:      DCM.DLL V1.17.3.0
Target DLL:      STLink\ST-LINKIII-KEIL_SWO.dll V3.0.7.0
Dialog DLL:      TCM.DLL V1.46.0.0
 
<h2>Project:</h2>
F:\STM32Projects\OLEDSensorNoRTOS\MDK-ARM\OLEDSensorNoRTOS.uvprojx
Project File Date:  03/02/2023

<h2>Output:</h2>
*** Using Compiler 'V5.06 update 6 (build 750)', folder: 'E:\KeilC\ARM\ARMCC\Bin'
Build target 'OLEDSensorNoRTOS'
assembling startup_stm32f103xb.s...
compiling main.c...
C:/Users/huyho/Downloads/oled/oled/Inc/ssd1306.h(238): warning:  #1295-D: Deprecated declaration ssd1306_I2C_Init - give arg types
  void ssd1306_I2C_Init();
../Src/main.c(127): warning:  #188-D: enumerated type mixed with another type
  		SSD1306_Puts(bufferflow, &Font_11x18, 1);
../Src/main.c(130): warning:  #188-D: enumerated type mixed with another type
  		SSD1306_Puts(bufferflow, &Font_11x18, 1);
../Src/main.c: 3 warnings, 0 errors
linking...
Program Size: Code=13650 RO-data=3890 RW-data=60 ZI-data=2836  
FromELF: creating hex file...
"OLEDSensorNoRTOS\OLEDSensorNoRTOS.axf" - 0 Error(s), 3 Warning(s).

<h2>Software Packages used:</h2>

Package Vendor: ARM
                http://www.keil.com/pack/ARM.CMSIS.5.7.0.pack
                ARM.CMSIS.5.7.0
                CMSIS (Cortex Microcontroller Software Interface Standard)
   * Component: CORE Version: 5.4.0

Package Vendor: Keil
                http://www.keil.com/pack/Keil.STM32F1xx_DFP.2.3.0.pack
                Keil.STM32F1xx_DFP.2.3.0
                STMicroelectronics STM32F1 Series Device Support, Drivers and Examples

<h2>Collection of Component include folders:</h2>
  .\RTE\_OLEDSensorNoRTOS
  E:\KeilCPacks\ARM\CMSIS\5.7.0\CMSIS\Core\Include
  E:\KeilCPacks\Keil\STM32F1xx_DFP\2.3.0\Device\Include

<h2>Collection of Component Files used:</h2>

   * Component: ARM::CMSIS:CORE:5.4.0
      Include file:  CMSIS\Core\Include\tz_context.h
Build Time Elapsed:  00:00:01
</pre>
</body>
</html>
